Microsoft Windows [Version 10.0.19045.5737]
(c) Microsoft Corporation. All rights reserved.

C:\Users\PC-User>ipconfig

Windows IP Configuration


Wireless LAN adapter Wi-Fi 2:

   Media State . . . . . . . . . . . : Media disconnected
   Connection-specific DNS Suffix  . :

Wireless LAN adapter Local Area Connection* 12:

   Media State . . . . . . . . . . . : Media disconnected
   Connection-specific DNS Suffix  . :

Wireless LAN adapter Local Area Connection* 13:

   Media State . . . . . . . . . . . : Media disconnected
   Connection-specific DNS Suffix  . :

Ethernet adapter Ethernet 4:

   Connection-specific DNS Suffix  . :
   Link-local IPv6 Address . . . . . : fe80::3:b86a:962:2436%22
   IPv4 Address. . . . . . . . . . . : 192.168.3.149
   Subnet Mask . . . . . . . . . . . : 255.255.255.0
   Default Gateway . . . . . . . . . : 192.168.3.1

C:\Users\PC-User>cd ..

C:\Users>cd ..

C:\>cd xampp2

C:\xampp2>cd htdocs

C:\xampp2\htdocs>composer create-project codeigniter4/appstarter ci4composer
Creating a "codeigniter4/appstarter" project at "./ci4composer"
Cannot use codeigniter4/appstarter's latest version v4.6.0 as it requires php ^8.1 which is not satisfied by your platform.
Installing codeigniter4/appstarter (v4.4.8)
  - Downloading codeigniter4/appstarter (v4.4.8)
A connection timeout was encountered. If you intend to run Composer without connecting to the internet, run the command again prefixed with COMPOSER_DISABLE_NETWORK=1 to make Composer run in offline mode.
    Failed to download codeigniter4/appstarter from dist: curl error 28 while downloading https://codeload.github.com/codeigniter4/appstarter/legacy.zip/f4b08c2e9b8d4efdffd95e3a36abc58a13474abf: Resolving timed out after 10014 milliseconds
    Now trying to download from source

In GitDownloader.php line 82:

  git was not found in your PATH, skipping source download


create-project [-s|--stability STABILITY] [--prefer-source] [--prefer-dist] [--prefer-install PREFER-INSTALL] [--repository REPOSITORY] [--repository-url REPOSITORY-URL] [--add-repository] [--dev] [--no-dev] [--no-custom-installers] [--no-scripts] [--no-progress] [--no-secure-http] [--keep-vcs] [--remove-vcs] [--no-install] [--no-audit] [--audit-format AUDIT-FORMAT] [--ignore-platform-req IGNORE-PLATFORM-REQ] [--ignore-platform-reqs] [--ask] [--] [<package> [<directory> [<version>]]]


C:\xampp2\htdocs>composer create-project codeigniter4/appstarter ci4composer
Creating a "codeigniter4/appstarter" project at "./ci4composer"

In CreateProjectCommand.php line 369:

  Project directory "C:\xampp2\htdocs\ci4composer" is not empty.


create-project [-s|--stability STABILITY] [--prefer-source] [--prefer-dist] [--prefer-install PREFER-INSTALL] [--repository REPOSITORY] [--repository-url REPOSITORY-URL] [--add-repository] [--dev] [--no-dev] [--no-custom-installers] [--no-scripts] [--no-progress] [--no-secure-http] [--keep-vcs] [--remove-vcs] [--no-install] [--no-audit] [--audit-format AUDIT-FORMAT] [--ignore-platform-req IGNORE-PLATFORM-REQ] [--ignore-platform-reqs] [--ask] [--] [<package> [<directory> [<version>]]]


C:\xampp2\htdocs>composer create-project codeigniter4/appstarter ci4composer
Creating a "codeigniter4/appstarter" project at "./ci4composer"

In CreateProjectCommand.php line 369:

  Project directory "C:\xampp2\htdocs\ci4composer" is not empty.


create-project [-s|--stability STABILITY] [--prefer-source] [--prefer-dist] [--prefer-install PREFER-INSTALL] [--repository REPOSITORY] [--repository-url REPOSITORY-URL] [--add-repository] [--dev] [--no-dev] [--no-custom-installers] [--no-scripts] [--no-progress] [--no-secure-http] [--keep-vcs] [--remove-vcs] [--no-install] [--no-audit] [--audit-format AUDIT-FORMAT] [--ignore-platform-req IGNORE-PLATFORM-REQ] [--ignore-platform-reqs] [--ask] [--] [<package> [<directory> [<version>]]]


C:\xampp2\htdocs>composer create-project codeigniter4/appstarter ci4composer
Creating a "codeigniter4/appstarter" project at "./ci4composer"
Cannot use codeigniter4/appstarter's latest version v4.6.0 as it requires php ^8.1 which is not satisfied by your platform.
Installing codeigniter4/appstarter (v4.4.8)
  - Downloading codeigniter4/appstarter (v4.4.8)
  - Installing codeigniter4/appstarter (v4.4.8): Extracting archive
A connection timeout was encountered. If you intend to run Composer without connecting to the internet, run the command again prefixed with COMPOSER_DISABLE_NETWORK=1 to make Composer run in offline mode.
Created project in C:\xampp2\htdocs\ci4composer
Loading composer repositories with package information
Updating dependencies
Lock file operations: 35 installs, 0 updates, 0 removals
  - Locking codeigniter4/framework (v4.4.8)
  - Locking doctrine/instantiator (1.5.0)
  - Locking fakerphp/faker (v1.24.1)
  - Locking laminas/laminas-escaper (2.12.0)
  - Locking mikey179/vfsstream (v1.6.12)
  - Locking myclabs/deep-copy (1.13.0)
  - Locking nikic/php-parser (v5.4.0)
  - Locking phar-io/manifest (2.0.4)
  - Locking phar-io/version (3.2.1)
  - Locking phpunit/php-code-coverage (9.2.32)
  - Locking phpunit/php-file-iterator (3.0.6)
  - Locking phpunit/php-invoker (3.1.1)
  - Locking phpunit/php-text-template (2.0.4)
  - Locking phpunit/php-timer (5.0.3)
  - Locking phpunit/phpunit (9.6.22)
  - Locking psr/container (2.0.2)
  - Locking psr/log (1.1.4)
  - Locking sebastian/cli-parser (1.0.2)
  - Locking sebastian/code-unit (1.0.8)
  - Locking sebastian/code-unit-reverse-lookup (2.0.3)
  - Locking sebastian/comparator (4.0.8)
  - Locking sebastian/complexity (2.0.3)
  - Locking sebastian/diff (4.0.6)
  - Locking sebastian/environment (5.1.5)
  - Locking sebastian/exporter (4.0.6)
  - Locking sebastian/global-state (5.0.7)
  - Locking sebastian/lines-of-code (1.0.4)
  - Locking sebastian/object-enumerator (4.0.4)
  - Locking sebastian/object-reflector (2.0.4)
  - Locking sebastian/recursion-context (4.0.5)
  - Locking sebastian/resource-operations (3.0.4)
  - Locking sebastian/type (3.2.1)
  - Locking sebastian/version (3.0.2)
  - Locking symfony/deprecation-contracts (v3.0.2)
  - Locking theseer/tokenizer (1.2.3)
Writing lock file
Installing dependencies from lock file (including require-dev)
Package operations: 35 installs, 0 updates, 0 removals
  - Downloading psr/log (1.1.4)
  - Downloading laminas/laminas-escaper (2.12.0)
  - Downloading codeigniter4/framework (v4.4.8)
  - Downloading symfony/deprecation-contracts (v3.0.2)
  - Downloading psr/container (2.0.2)
  - Downloading fakerphp/faker (v1.24.1)
  - Downloading mikey179/vfsstream (v1.6.12)
  - Downloading sebastian/version (3.0.2)
  - Downloading sebastian/type (3.2.1)
  - Downloading sebastian/resource-operations (3.0.4)
  - Downloading sebastian/recursion-context (4.0.5)
  - Downloading sebastian/object-reflector (2.0.4)
  - Downloading sebastian/object-enumerator (4.0.4)
  - Downloading sebastian/global-state (5.0.7)
  - Downloading sebastian/exporter (4.0.6)
  - Downloading sebastian/environment (5.1.5)
  - Downloading sebastian/diff (4.0.6)
  - Downloading sebastian/comparator (4.0.8)
  - Downloading sebastian/code-unit (1.0.8)
  - Downloading sebastian/cli-parser (1.0.2)
  - Downloading phpunit/php-timer (5.0.3)
  - Downloading phpunit/php-text-template (2.0.4)
  - Downloading phpunit/php-invoker (3.1.1)
  - Downloading phpunit/php-file-iterator (3.0.6)
  - Downloading theseer/tokenizer (1.2.3)
  - Downloading nikic/php-parser (v5.4.0)
  - Downloading sebastian/lines-of-code (1.0.4)
  - Downloading sebastian/complexity (2.0.3)
  - Downloading sebastian/code-unit-reverse-lookup (2.0.3)
  - Downloading phpunit/php-code-coverage (9.2.32)
  - Downloading phar-io/version (3.2.1)
  - Downloading phar-io/manifest (2.0.4)
  - Downloading myclabs/deep-copy (1.13.0)
  - Downloading doctrine/instantiator (1.5.0)
  - Downloading phpunit/phpunit (9.6.22)
  - Installing psr/log (1.1.4): Extracting archive
  - Installing laminas/laminas-escaper (2.12.0): Extracting archive
  - Installing codeigniter4/framework (v4.4.8): Extracting archive
  - Installing symfony/deprecation-contracts (v3.0.2): Extracting archive
  - Installing psr/container (2.0.2): Extracting archive
  - Installing fakerphp/faker (v1.24.1): Extracting archive
  - Installing mikey179/vfsstream (v1.6.12): Extracting archive
  - Installing sebastian/version (3.0.2): Extracting archive
  - Installing sebastian/type (3.2.1): Extracting archive
  - Installing sebastian/resource-operations (3.0.4): Extracting archive
  - Installing sebastian/recursion-context (4.0.5): Extracting archive
  - Installing sebastian/object-reflector (2.0.4): Extracting archive
  - Installing sebastian/object-enumerator (4.0.4): Extracting archive
  - Installing sebastian/global-state (5.0.7): Extracting archive
  - Installing sebastian/exporter (4.0.6): Extracting archive
  - Installing sebastian/environment (5.1.5): Extracting archive
  - Installing sebastian/diff (4.0.6): Extracting archive
  - Installing sebastian/comparator (4.0.8): Extracting archive
  - Installing sebastian/code-unit (1.0.8): Extracting archive
  - Installing sebastian/cli-parser (1.0.2): Extracting archive
  - Installing phpunit/php-timer (5.0.3): Extracting archive
  - Installing phpunit/php-text-template (2.0.4): Extracting archive
  - Installing phpunit/php-invoker (3.1.1): Extracting archive
  - Installing phpunit/php-file-iterator (3.0.6): Extracting archive
  - Installing theseer/tokenizer (1.2.3): Extracting archive
  - Installing nikic/php-parser (v5.4.0): Extracting archive
  - Installing sebastian/lines-of-code (1.0.4): Extracting archive
  - Installing sebastian/complexity (2.0.3): Extracting archive
  - Installing sebastian/code-unit-reverse-lookup (2.0.3): Extracting archive
  - Installing phpunit/php-code-coverage (9.2.32): Extracting archive
  - Installing phar-io/version (3.2.1): Extracting archive
  - Installing phar-io/manifest (2.0.4): Extracting archive
  - Installing myclabs/deep-copy (1.13.0): Extracting archive
  - Installing doctrine/instantiator (1.5.0): Extracting archive
  - Installing phpunit/phpunit (9.6.22): Extracting archive
19 package suggestions were added by new dependencies, use `composer suggest` to see details.
Generating optimized autoload files
28 packages you are using are looking for funding.
Use the `composer fund` command to find out more!
Found 1 security vulnerability advisory affecting 1 package.
Run "composer audit" for a full list of advisories.

C:\xampp2\htdocs>composer audit
Composer could not find a composer.json file in C:\xampp2\htdocs
To initialize a project, please create a composer.json file. See https://getcomposer.org/basic-usage

C:\xampp2\htdocs>cd ci4composer

C:\xampp2\htdocs\ci4composer>php spark serve

CodeIgniter v4.4.8 Command Line Tool - Server Time: 2025-04-28 07:34:39 UTC+00:00

CodeIgniter development server started on http://localhost:8080
Press Control-C to stop.
[Mon Apr 28 14:34:39 2025] PHP 8.0.23 Development Server (http://localhost:8080) started
[Mon Apr 28 14:38:11 2025] [::1]:55951 Accepted
[Mon Apr 28 14:38:14 2025] [::1]:55951 Closed without sending a request; it was probably just an unused speculative preconnection
[Mon Apr 28 14:38:14 2025] [::1]:55951 Closing
[Mon Apr 28 14:39:36 2025] [::1]:55957 Accepted
[Mon Apr 28 14:39:36 2025] [::1]:55958 Accepted
[Mon Apr 28 14:39:36 2025] [::1]:55958 Closing
[Mon Apr 28 14:39:36 2025] [::1]:55957 [200]: GET /favicon.ico
[Mon Apr 28 14:39:36 2025] [::1]:55957 Closing
[Mon Apr 28 14:54:53 2025] [::1]:56020 Accepted
[Mon Apr 28 14:54:53 2025] [::1]:56021 Accepted
[Mon Apr 28 14:54:53 2025] [::1]:56020 Closing
[Mon Apr 28 14:54:53 2025] [::1]:56021 [200]: GET /favicon.ico
[Mon Apr 28 14:54:53 2025] [::1]:56021 Closing
[Mon Apr 28 14:55:26 2025] [::1]:56024 Accepted
[Mon Apr 28 14:55:26 2025] [::1]:56025 Accepted
[Mon Apr 28 14:55:26 2025] [::1]:56024 Closing
[Mon Apr 28 14:55:26 2025] [::1]:56025 [200]: GET /favicon.ico
[Mon Apr 28 14:55:26 2025] [::1]:56025 Closing
